Found test fpga_reset_hd_sky_pnr.ConfigChainTestFull
Running test 1/1: ConfigChainTestFull
Starting test: "ConfigChainTestFull"
Description: None
Test Failed: ConfigChainTestFull (result was TestFailure)
Traceback (most recent call last):
  File "/research/ece/lnis/USERS/DARPA_ERI/GF14nm_chip_2019/ICC2_Methodology_Flow/GANESH/FROG_PnR/FPGA1212_RESET_HD_SKY_PNR/Verification/ConfigChainTestFull_run/fpga_reset_hd_sky_pnr.py", line 88, in ConfigChainTestFull
    await with_timeout(FallingEdge(InstPtr), 200*PCLK_PERIOD, 'ns')
  File "/home/u1249762/.local/lib/python3.8/site-packages/cocotb/triggers.py", line 830, in with_timeout
    raise cocotb.result.SimTimeoutError
cocotb.result.SimTimeoutError

During handling of the above exception, another exception occurred:

Traceback (most recent call last):
  File "/research/ece/lnis/USERS/DARPA_ERI/GF14nm_chip_2019/ICC2_Methodology_Flow/GANESH/FROG_PnR/FPGA1212_RESET_HD_SKY_PNR/Verification/ConfigChainTestFull_run/fpga_reset_hd_sky_pnr.py", line 103, in ConfigChainTestFull
    raise TestFailure(f"Failed to receive signal on {ModuleName}")
cocotb.result.TestFailure: Failed to receive signal on sb_12__12_
Failed 1 out of 1 tests (0 skipped)
***************************************************************************************************
** TEST                                       PASS/FAIL  SIM TIME(NS)  REAL TIME(S)  RATIO(NS/S) **
***************************************************************************************************
** fpga_reset_hd_sky_pnr.ConfigChainTestFull    FAIL         2007.50          1.10      1822.47  **
***************************************************************************************************

*************************************************************************************
**                                 ERRORS : 1                                      **
*************************************************************************************
**                               SIM TIME : 2007.50 NS                             **
**                              REAL TIME : 1.13 S                                 **
**                        SIM / REAL TIME : 1779.31 NS/S                           **
*************************************************************************************

Shutting down...
Found test fpga_reset_hd_sky_pnr.ConfigChainTestFull
Running test 1/1: ConfigChainTestFull
Starting test: "ConfigChainTestFull"
Description: None
Test Failed: ConfigChainTestFull (result was TestFailure)
Traceback (most recent call last):
  File "/research/ece/lnis/USERS/DARPA_ERI/GF14nm_chip_2019/ICC2_Methodology_Flow/GANESH/FROG_PnR/FPGA1212_RESET_HD_SKY_PNR/Verification/ConfigChainTestFull_run/fpga_reset_hd_sky_pnr.py", line 88, in ConfigChainTestFull
    await with_timeout(FallingEdge(InstPtr), 200*PCLK_PERIOD, 'ns')
  File "/home/u1249762/.local/lib/python3.8/site-packages/cocotb/triggers.py", line 830, in with_timeout
    raise cocotb.result.SimTimeoutError
cocotb.result.SimTimeoutError

During handling of the above exception, another exception occurred:

Traceback (most recent call last):
  File "/research/ece/lnis/USERS/DARPA_ERI/GF14nm_chip_2019/ICC2_Methodology_Flow/GANESH/FROG_PnR/FPGA1212_RESET_HD_SKY_PNR/Verification/ConfigChainTestFull_run/fpga_reset_hd_sky_pnr.py", line 103, in ConfigChainTestFull
    raise TestFailure(f"Failed to receive signal on {ModuleName}")
cocotb.result.TestFailure: Failed to receive signal on sb_12__12_
Failed 1 out of 1 tests (0 skipped)
***************************************************************************************************
** TEST                                       PASS/FAIL  SIM TIME(NS)  REAL TIME(S)  RATIO(NS/S) **
***************************************************************************************************
** fpga_reset_hd_sky_pnr.ConfigChainTestFull    FAIL         2007.50          1.12      1796.09  **
***************************************************************************************************

*************************************************************************************
**                                 ERRORS : 1                                      **
*************************************************************************************
**                               SIM TIME : 2007.50 NS                             **
**                              REAL TIME : 1.15 S                                 **
**                        SIM / REAL TIME : 1741.09 NS/S                           **
*************************************************************************************

Shutting down...
Found test fpga_reset_hd_sky_pnr.ConfigChainTestFull
Running test 1/1: ConfigChainTestFull
Starting test: "ConfigChainTestFull"
Description: None
Test Failed: ConfigChainTestFull (result was TestFailure)
Traceback (most recent call last):
  File "/research/ece/lnis/USERS/DARPA_ERI/GF14nm_chip_2019/ICC2_Methodology_Flow/GANESH/FROG_PnR/FPGA1212_RESET_HD_SKY_PNR/Verification/ConfigChainTestFull_run/fpga_reset_hd_sky_pnr.py", line 88, in ConfigChainTestFull
    await with_timeout(FallingEdge(InstPtr), 200*PCLK_PERIOD, 'ns')
  File "/home/u1249762/.local/lib/python3.8/site-packages/cocotb/triggers.py", line 830, in with_timeout
    raise cocotb.result.SimTimeoutError
cocotb.result.SimTimeoutError

During handling of the above exception, another exception occurred:

Traceback (most recent call last):
  File "/research/ece/lnis/USERS/DARPA_ERI/GF14nm_chip_2019/ICC2_Methodology_Flow/GANESH/FROG_PnR/FPGA1212_RESET_HD_SKY_PNR/Verification/ConfigChainTestFull_run/fpga_reset_hd_sky_pnr.py", line 103, in ConfigChainTestFull
    raise TestFailure(f"Failed to receive signal on {ModuleName}")
cocotb.result.TestFailure: Failed to receive signal on sb_12__12_
Failed 1 out of 1 tests (0 skipped)
***************************************************************************************************
** TEST                                       PASS/FAIL  SIM TIME(NS)  REAL TIME(S)  RATIO(NS/S) **
***************************************************************************************************
** fpga_reset_hd_sky_pnr.ConfigChainTestFull    FAIL         2007.50          1.07      1868.72  **
***************************************************************************************************

*************************************************************************************
**                                 ERRORS : 1                                      **
*************************************************************************************
**                               SIM TIME : 2007.50 NS                             **
**                              REAL TIME : 1.11 S                                 **
**                        SIM / REAL TIME : 1805.91 NS/S                           **
*************************************************************************************

Shutting down...
Found test fpga_reset_hd_sky_pnr.ConfigChainTestFull
Running test 1/1: ConfigChainTestFull
Starting test: "ConfigChainTestFull"
Description: None
Test Failed: ConfigChainTestFull (result was TestFailure)
Traceback (most recent call last):
  File "/research/ece/lnis/USERS/DARPA_ERI/GF14nm_chip_2019/ICC2_Methodology_Flow/GANESH/FROG_PnR/FPGA1212_RESET_HD_SKY_PNR/Verification/ConfigChainTestFull_run/fpga_reset_hd_sky_pnr.py", line 88, in ConfigChainTestFull
    await with_timeout(FallingEdge(InstPtr), 200*PCLK_PERIOD, 'ns')
  File "/home/u1249762/.local/lib/python3.8/site-packages/cocotb/triggers.py", line 830, in with_timeout
    raise cocotb.result.SimTimeoutError
cocotb.result.SimTimeoutError

During handling of the above exception, another exception occurred:

Traceback (most recent call last):
  File "/research/ece/lnis/USERS/DARPA_ERI/GF14nm_chip_2019/ICC2_Methodology_Flow/GANESH/FROG_PnR/FPGA1212_RESET_HD_SKY_PNR/Verification/ConfigChainTestFull_run/fpga_reset_hd_sky_pnr.py", line 103, in ConfigChainTestFull
    raise TestFailure(f"Failed to receive signal on {ModuleName}")
cocotb.result.TestFailure: Failed to receive signal on sb_12__12_
Failed 1 out of 1 tests (0 skipped)
***************************************************************************************************
** TEST                                       PASS/FAIL  SIM TIME(NS)  REAL TIME(S)  RATIO(NS/S) **
***************************************************************************************************
** fpga_reset_hd_sky_pnr.ConfigChainTestFull    FAIL         2007.50          1.14      1765.82  **
***************************************************************************************************

*************************************************************************************
**                                 ERRORS : 1                                      **
*************************************************************************************
**                               SIM TIME : 2007.50 NS                             **
**                              REAL TIME : 1.17 S                                 **
**                        SIM / REAL TIME : 1717.22 NS/S                           **
*************************************************************************************

Shutting down...
Found test fpga_reset_hd_sky_pnr.ConfigChainTestFull
Running test 1/1: ConfigChainTestFull
Starting test: "ConfigChainTestFull"
Description: None
Test Failed: ConfigChainTestFull (result was TestFailure)
Traceback (most recent call last):
  File "/research/ece/lnis/USERS/DARPA_ERI/GF14nm_chip_2019/ICC2_Methodology_Flow/GANESH/FROG_PnR/FPGA1212_RESET_HD_SKY_PNR/Verification/ConfigChainTestFull_run/fpga_reset_hd_sky_pnr.py", line 88, in ConfigChainTestFull
    await with_timeout(FallingEdge(InstPtr), 200*PCLK_PERIOD, 'ns')
  File "/home/u1249762/.local/lib/python3.8/site-packages/cocotb/triggers.py", line 830, in with_timeout
    raise cocotb.result.SimTimeoutError
cocotb.result.SimTimeoutError

During handling of the above exception, another exception occurred:

Traceback (most recent call last):
  File "/research/ece/lnis/USERS/DARPA_ERI/GF14nm_chip_2019/ICC2_Methodology_Flow/GANESH/FROG_PnR/FPGA1212_RESET_HD_SKY_PNR/Verification/ConfigChainTestFull_run/fpga_reset_hd_sky_pnr.py", line 103, in ConfigChainTestFull
    raise TestFailure(f"Failed to receive signal on {ModuleName}")
cocotb.result.TestFailure: Failed to receive signal on sb_12__12_
Failed 1 out of 1 tests (0 skipped)
***************************************************************************************************
** TEST                                       PASS/FAIL  SIM TIME(NS)  REAL TIME(S)  RATIO(NS/S) **
***************************************************************************************************
** fpga_reset_hd_sky_pnr.ConfigChainTestFull    FAIL         2007.50          1.21      1653.56  **
***************************************************************************************************

*************************************************************************************
**                                 ERRORS : 1                                      **
*************************************************************************************
**                               SIM TIME : 2007.50 NS                             **
**                              REAL TIME : 1.25 S                                 **
**                        SIM / REAL TIME : 1601.85 NS/S                           **
*************************************************************************************

Shutting down...
Found test fpga_reset_hd_sky_pnr.ConfigChainTestFull
Running test 1/1: ConfigChainTestFull
Starting test: "ConfigChainTestFull"
Description: None
Test Failed: ConfigChainTestFull (result was TestFailure)
Traceback (most recent call last):
  File "/research/ece/lnis/USERS/DARPA_ERI/GF14nm_chip_2019/ICC2_Methodology_Flow/GANESH/FROG_PnR/FPGA1212_RESET_HD_SKY_PNR/Verification/ConfigChainTestFull_run/fpga_reset_hd_sky_pnr.py", line 89, in ConfigChainTestFull
    await with_timeout(FallingEdge(InstPtr), 200*PCLK_PERIOD, 'ns')
  File "/home/u1249762/.local/lib/python3.8/site-packages/cocotb/triggers.py", line 830, in with_timeout
    raise cocotb.result.SimTimeoutError
cocotb.result.SimTimeoutError

During handling of the above exception, another exception occurred:

Traceback (most recent call last):
  File "/research/ece/lnis/USERS/DARPA_ERI/GF14nm_chip_2019/ICC2_Methodology_Flow/GANESH/FROG_PnR/FPGA1212_RESET_HD_SKY_PNR/Verification/ConfigChainTestFull_run/fpga_reset_hd_sky_pnr.py", line 104, in ConfigChainTestFull
    raise TestFailure(f"Failed to receive signal on {ModuleName}")
cocotb.result.TestFailure: Failed to receive signal on sb_12__12_
Failed 1 out of 1 tests (0 skipped)
***************************************************************************************************
** TEST                                       PASS/FAIL  SIM TIME(NS)  REAL TIME(S)  RATIO(NS/S) **
***************************************************************************************************
** fpga_reset_hd_sky_pnr.ConfigChainTestFull    FAIL         2012.50          1.25      1615.12  **
***************************************************************************************************

*************************************************************************************
**                                 ERRORS : 1                                      **
*************************************************************************************
**                               SIM TIME : 2012.50 NS                             **
**                              REAL TIME : 1.29 S                                 **
**                        SIM / REAL TIME : 1554.36 NS/S                           **
*************************************************************************************

Shutting down...
Found test fpga_reset_hd_sky_pnr.ConfigChainTestFull
Running test 1/1: ConfigChainTestFull
Starting test: "ConfigChainTestFull"
Description: None
Signal received at sb_12__12_ at 59
Signal received at cbx_12__12_ at 35
Signal received at sb_11__12_ at 68
Signal received at cbx_11__12_ at 35
Signal received at sb_10__12_ at 69
Signal received at cbx_10__12_ at 35
Signal received at sb_9__12_ at 68
Signal received at cbx_9__12_ at 35
Signal received at sb_8__12_ at 68
Signal received at cbx_8__12_ at 35
Signal received at sb_7__12_ at 68
Signal received at cbx_7__12_ at 35
Signal received at sb_6__12_ at 68
Signal received at cbx_6__12_ at 35
Signal received at sb_5__12_ at 68
Signal received at cbx_5__12_ at 35
Signal received at sb_4__12_ at 68
Signal received at cbx_4__12_ at 35
Signal received at sb_3__12_ at 68
Signal received at cbx_3__12_ at 35
Signal received at sb_2__12_ at 68
Signal received at cbx_2__12_ at 35
Signal received at sb_1__12_ at 68
Signal received at cbx_1__12_ at 35
Signal received at sb_0__12_ at 38
Signal received at cby_0__12_ at 3
Signal received at grid_clb_1__12_ at 116
Signal received at cby_1__12_ at 32
Signal received at grid_clb_2__12_ at 116
Signal received at cby_2__12_ at 32
Signal received at grid_clb_3__12_ at 116
Signal received at cby_3__12_ at 32
Signal received at grid_clb_4__12_ at 116
Signal received at cby_4__12_ at 32
Signal received at grid_clb_5__12_ at 116
Signal received at cby_5__12_ at 32
Signal received at grid_clb_6__12_ at 116
Signal received at cby_6__12_ at 32
Signal received at grid_clb_7__12_ at 116
Signal received at cby_7__12_ at 32
Signal received at grid_clb_8__12_ at 116
Signal received at cby_8__12_ at 32
Signal received at grid_clb_9__12_ at 116
Signal received at cby_9__12_ at 32
Signal received at grid_clb_10__12_ at 116
Signal received at cby_10__12_ at 32
Signal received at grid_clb_11__12_ at 116
Signal received at cby_11__12_ at 32
Signal received at grid_clb_12__12_ at 116
Signal received at cby_12__12_ at 35
Signal received at sb_12__11_ at 70
Signal received at cbx_12__11_ at 32
Signal received at sb_11__11_ at 82
Signal received at cbx_11__11_ at 32
Signal received at sb_10__11_ at 83
Signal received at cbx_10__11_ at 32
Signal received at sb_9__11_ at 82
Signal received at cbx_9__11_ at 32
Signal received at sb_8__11_ at 82
Signal received at cbx_8__11_ at 32
Signal received at sb_7__11_ at 82
Signal received at cbx_7__11_ at 32
Signal received at sb_6__11_ at 82
Signal received at cbx_6__11_ at 32
Signal received at sb_5__11_ at 82
Signal received at cbx_5__11_ at 32
Signal received at sb_4__11_ at 82
Signal received at cbx_4__11_ at 32
Signal received at sb_3__11_ at 82
Signal received at cbx_3__11_ at 32
Signal received at sb_2__11_ at 82
Signal received at cbx_2__11_ at 32
Signal received at sb_1__11_ at 82
Signal received at cbx_1__11_ at 32
Signal received at sb_0__11_ at 66
Signal received at cby_0__11_ at 3
Signal received at grid_clb_1__11_ at 116
Signal received at cby_1__11_ at 32
Signal received at grid_clb_2__11_ at 116
Signal received at cby_2__11_ at 32
Signal received at grid_clb_3__11_ at 116
Signal received at cby_3__11_ at 32
Signal received at grid_clb_4__11_ at 116
Signal received at cby_4__11_ at 32
Signal received at grid_clb_5__11_ at 116
Signal received at cby_5__11_ at 32
Signal received at grid_clb_6__11_ at 116
Signal received at cby_6__11_ at 32
Signal received at grid_clb_7__11_ at 116
Signal received at cby_7__11_ at 32
Signal received at grid_clb_8__11_ at 116
Signal received at cby_8__11_ at 32
Signal received at grid_clb_9__11_ at 116
Signal received at cby_9__11_ at 32
Signal received at grid_clb_10__11_ at 116
Signal received at cby_10__11_ at 32
Signal received at grid_clb_11__11_ at 116
Signal received at cby_11__11_ at 32
Signal received at grid_clb_12__11_ at 116
Signal received at cby_12__11_ at 35
Signal received at sb_12__10_ at 70
Signal received at cbx_12__10_ at 32
Signal received at sb_11__10_ at 82
Signal received at cbx_11__10_ at 32
Signal received at sb_10__10_ at 82
Signal received at cbx_10__10_ at 32
Signal received at sb_9__10_ at 82
Signal received at cbx_9__10_ at 32
Signal received at sb_8__10_ at 82
Signal received at cbx_8__10_ at 32
Signal received at sb_7__10_ at 82
Signal received at cbx_7__10_ at 32
Signal received at sb_6__10_ at 82
Signal received at cbx_6__10_ at 32
Signal received at sb_5__10_ at 82
Signal received at cbx_5__10_ at 32
Signal received at sb_4__10_ at 82
Signal received at cbx_4__10_ at 32
Signal received at sb_3__10_ at 82
Signal received at cbx_3__10_ at 32
Signal received at sb_2__10_ at 82
Signal received at cbx_2__10_ at 32
Signal received at sb_1__10_ at 82
Signal received at cbx_1__10_ at 32
Signal received at sb_0__10_ at 66
Signal received at cby_0__10_ at 3
Signal received at grid_clb_1__10_ at 116
Signal received at cby_1__10_ at 32
Signal received at grid_clb_2__10_ at 116
Signal received at cby_2__10_ at 32
Signal received at grid_clb_3__10_ at 116
Signal received at cby_3__10_ at 32
Signal received at grid_clb_4__10_ at 116
Signal received at cby_4__10_ at 32
Signal received at grid_clb_5__10_ at 116
Signal received at cby_5__10_ at 32
Signal received at grid_clb_6__10_ at 116
Signal received at cby_6__10_ at 32
Signal received at grid_clb_7__10_ at 116
Signal received at cby_7__10_ at 32
Signal received at grid_clb_8__10_ at 116
Signal received at cby_8__10_ at 32
Signal received at grid_clb_9__10_ at 116
Signal received at cby_9__10_ at 32
Signal received at grid_clb_10__10_ at 116
Signal received at cby_10__10_ at 32
Signal received at grid_clb_11__10_ at 116
Signal received at cby_11__10_ at 32
Signal received at grid_clb_12__10_ at 116
Signal received at cby_12__10_ at 35
Signal received at sb_12__9_ at 70
Signal received at cbx_12__9_ at 32
Signal received at sb_11__9_ at 82
Signal received at cbx_11__9_ at 32
Signal received at sb_10__9_ at 82
Signal received at cbx_10__9_ at 32
Signal received at sb_9__9_ at 82
Signal received at cbx_9__9_ at 32
Signal received at sb_8__9_ at 82
Signal received at cbx_8__9_ at 32
Signal received at sb_7__9_ at 82
Signal received at cbx_7__9_ at 32
Signal received at sb_6__9_ at 82
Signal received at cbx_6__9_ at 32
Signal received at sb_5__9_ at 82
Signal received at cbx_5__9_ at 32
Signal received at sb_4__9_ at 82
Signal received at cbx_4__9_ at 32
Signal received at sb_3__9_ at 82
Signal received at cbx_3__9_ at 32
Signal received at sb_2__9_ at 82
Signal received at cbx_2__9_ at 32
Signal received at sb_1__9_ at 82
Signal received at cbx_1__9_ at 32
Signal received at sb_0__9_ at 66
Signal received at cby_0__9_ at 3
Signal received at grid_clb_1__9_ at 116
Signal received at cby_1__9_ at 32
Signal received at grid_clb_2__9_ at 116
Signal received at cby_2__9_ at 32
Signal received at grid_clb_3__9_ at 116
Signal received at cby_3__9_ at 32
Signal received at grid_clb_4__9_ at 116
Signal received at cby_4__9_ at 32
Signal received at grid_clb_5__9_ at 116
Signal received at cby_5__9_ at 32
Signal received at grid_clb_6__9_ at 116
Signal received at cby_6__9_ at 32
Signal received at grid_clb_7__9_ at 116
Signal received at cby_7__9_ at 32
Signal received at grid_clb_8__9_ at 116
Signal received at cby_8__9_ at 32
Signal received at grid_clb_9__9_ at 116
Signal received at cby_9__9_ at 32
Signal received at grid_clb_10__9_ at 116
Signal received at cby_10__9_ at 32
Signal received at grid_clb_11__9_ at 116
Signal received at cby_11__9_ at 32
Signal received at grid_clb_12__9_ at 116
Signal received at cby_12__9_ at 35
Signal received at sb_12__8_ at 70
Signal received at cbx_12__8_ at 32
Signal received at sb_11__8_ at 82
Signal received at cbx_11__8_ at 32
Signal received at sb_10__8_ at 82
Signal received at cbx_10__8_ at 32
Signal received at sb_9__8_ at 82
Signal received at cbx_9__8_ at 32
Signal received at sb_8__8_ at 83
Signal received at cbx_8__8_ at 32
Signal received at sb_7__8_ at 82
Signal received at cbx_7__8_ at 32
Signal received at sb_6__8_ at 82
Signal received at cbx_6__8_ at 32
Signal received at sb_5__8_ at 82
Signal received at cbx_5__8_ at 32
Signal received at sb_4__8_ at 82
Signal received at cbx_4__8_ at 32
Signal received at sb_3__8_ at 82
Signal received at cbx_3__8_ at 32
Signal received at sb_2__8_ at 82
Signal received at cbx_2__8_ at 32
Signal received at sb_1__8_ at 82
Signal received at cbx_1__8_ at 32
Signal received at sb_0__8_ at 66
Signal received at cby_0__8_ at 3
Signal received at grid_clb_1__8_ at 116
Signal received at cby_1__8_ at 32
Signal received at grid_clb_2__8_ at 116
Signal received at cby_2__8_ at 32
Signal received at grid_clb_3__8_ at 116
Signal received at cby_3__8_ at 32
Signal received at grid_clb_4__8_ at 116
Signal received at cby_4__8_ at 32
Signal received at grid_clb_5__8_ at 116
Signal received at cby_5__8_ at 32
Signal received at grid_clb_6__8_ at 116
Signal received at cby_6__8_ at 32
Signal received at grid_clb_7__8_ at 116
Signal received at cby_7__8_ at 32
Signal received at grid_clb_8__8_ at 116
Signal received at cby_8__8_ at 32
Signal received at grid_clb_9__8_ at 116
Signal received at cby_9__8_ at 32
Signal received at grid_clb_10__8_ at 116
Signal received at cby_10__8_ at 32
Signal received at grid_clb_11__8_ at 116
Signal received at cby_11__8_ at 32
Signal received at grid_clb_12__8_ at 116
Signal received at cby_12__8_ at 35
Signal received at sb_12__7_ at 70
Signal received at cbx_12__7_ at 32
Signal received at sb_11__7_ at 82
Signal received at cbx_11__7_ at 32
Signal received at sb_10__7_ at 82
Signal received at cbx_10__7_ at 32
Signal received at sb_9__7_ at 82
Signal received at cbx_9__7_ at 32
Signal received at sb_8__7_ at 82
Signal received at cbx_8__7_ at 32
Signal received at sb_7__7_ at 82
Signal received at cbx_7__7_ at 32
Signal received at sb_6__7_ at 82
Signal received at cbx_6__7_ at 32
Signal received at sb_5__7_ at 82
Signal received at cbx_5__7_ at 32
Signal received at sb_4__7_ at 82
Signal received at cbx_4__7_ at 32
Signal received at sb_3__7_ at 82
Signal received at cbx_3__7_ at 32
Signal received at sb_2__7_ at 82
Signal received at cbx_2__7_ at 32
Signal received at sb_1__7_ at 82
Signal received at cbx_1__7_ at 32
Signal received at sb_0__7_ at 66
Signal received at cby_0__7_ at 3
Signal received at grid_clb_1__7_ at 116
Signal received at cby_1__7_ at 32
Signal received at grid_clb_2__7_ at 116
Signal received at cby_2__7_ at 32
Signal received at grid_clb_3__7_ at 116
Signal received at cby_3__7_ at 32
Signal received at grid_clb_4__7_ at 116
Signal received at cby_4__7_ at 32
Signal received at grid_clb_5__7_ at 116
Signal received at cby_5__7_ at 32
Signal received at grid_clb_6__7_ at 116
Signal received at cby_6__7_ at 32
Signal received at grid_clb_7__7_ at 116
Signal received at cby_7__7_ at 32
Signal received at grid_clb_8__7_ at 116
Signal received at cby_8__7_ at 32
Signal received at grid_clb_9__7_ at 116
Signal received at cby_9__7_ at 32
Signal received at grid_clb_10__7_ at 116
Signal received at cby_10__7_ at 32
Signal received at grid_clb_11__7_ at 116
Signal received at cby_11__7_ at 32
Signal received at grid_clb_12__7_ at 116
Signal received at cby_12__7_ at 35
Signal received at sb_12__6_ at 70
Signal received at cbx_12__6_ at 32
Signal received at sb_11__6_ at 82
Signal received at cbx_11__6_ at 32
Signal received at sb_10__6_ at 82
Signal received at cbx_10__6_ at 32
Signal received at sb_9__6_ at 82
Signal received at cbx_9__6_ at 32
Signal received at sb_8__6_ at 82
Signal received at cbx_8__6_ at 32
Signal received at sb_7__6_ at 82
Signal received at cbx_7__6_ at 32
Signal received at sb_6__6_ at 82
Signal received at cbx_6__6_ at 32
Signal received at sb_5__6_ at 82
Signal received at cbx_5__6_ at 32
Signal received at sb_4__6_ at 82
Signal received at cbx_4__6_ at 32
Signal received at sb_3__6_ at 82
Signal received at cbx_3__6_ at 32
Signal received at sb_2__6_ at 82
Signal received at cbx_2__6_ at 32
Signal received at sb_1__6_ at 82
Signal received at cbx_1__6_ at 32
Signal received at sb_0__6_ at 66
Signal received at cby_0__6_ at 3
Signal received at grid_clb_1__6_ at 116
Signal received at cby_1__6_ at 32
Signal received at grid_clb_2__6_ at 116
Signal received at cby_2__6_ at 32
Signal received at grid_clb_3__6_ at 116
Signal received at cby_3__6_ at 32
Signal received at grid_clb_4__6_ at 116
Signal received at cby_4__6_ at 32
Signal received at grid_clb_5__6_ at 116
Signal received at cby_5__6_ at 32
Signal received at grid_clb_6__6_ at 116
Signal received at cby_6__6_ at 32
Signal received at grid_clb_7__6_ at 116
Signal received at cby_7__6_ at 32
Signal received at grid_clb_8__6_ at 116
Signal received at cby_8__6_ at 32
Signal received at grid_clb_9__6_ at 116
Signal received at cby_9__6_ at 32
Signal received at grid_clb_10__6_ at 116
Signal received at cby_10__6_ at 32
Signal received at grid_clb_11__6_ at 116
Signal received at cby_11__6_ at 32
Signal received at grid_clb_12__6_ at 116
Signal received at cby_12__6_ at 35
Signal received at sb_12__5_ at 70
Signal received at cbx_12__5_ at 32
Signal received at sb_11__5_ at 82
Signal received at cbx_11__5_ at 32
Signal received at sb_10__5_ at 82
Signal received at cbx_10__5_ at 32
Signal received at sb_9__5_ at 82
Signal received at cbx_9__5_ at 32
Signal received at sb_8__5_ at 82
Signal received at cbx_8__5_ at 32
Signal received at sb_7__5_ at 82
Signal received at cbx_7__5_ at 32
Signal received at sb_6__5_ at 82
Signal received at cbx_6__5_ at 32
Signal received at sb_5__5_ at 82
Signal received at cbx_5__5_ at 32
Signal received at sb_4__5_ at 82
Signal received at cbx_4__5_ at 32
Signal received at sb_3__5_ at 82
Signal received at cbx_3__5_ at 32
Signal received at sb_2__5_ at 82
Signal received at cbx_2__5_ at 32
Signal received at sb_1__5_ at 82
Signal received at cbx_1__5_ at 32
Signal received at sb_0__5_ at 66
Signal received at cby_0__5_ at 3
Signal received at grid_clb_1__5_ at 116
Signal received at cby_1__5_ at 32
Signal received at grid_clb_2__5_ at 116
Signal received at cby_2__5_ at 32
Signal received at grid_clb_3__5_ at 116
Signal received at cby_3__5_ at 32
Signal received at grid_clb_4__5_ at 116
Signal received at cby_4__5_ at 32
Signal received at grid_clb_5__5_ at 116
Signal received at cby_5__5_ at 32
Signal received at grid_clb_6__5_ at 116
Signal received at cby_6__5_ at 32
Signal received at grid_clb_7__5_ at 116
Signal received at cby_7__5_ at 32
Signal received at grid_clb_8__5_ at 116
Signal received at cby_8__5_ at 32
Signal received at grid_clb_9__5_ at 116
Signal received at cby_9__5_ at 32
Signal received at grid_clb_10__5_ at 116
Signal received at cby_10__5_ at 32
Signal received at grid_clb_11__5_ at 116
Signal received at cby_11__5_ at 32
Signal received at grid_clb_12__5_ at 116
Signal received at cby_12__5_ at 35
Signal received at sb_12__4_ at 70
Signal received at cbx_12__4_ at 32
Signal received at sb_11__4_ at 82
Signal received at cbx_11__4_ at 32
Signal received at sb_10__4_ at 82
Signal received at cbx_10__4_ at 32
Signal received at sb_9__4_ at 82
Signal received at cbx_9__4_ at 32
Signal received at sb_8__4_ at 82
Signal received at cbx_8__4_ at 32
Signal received at sb_7__4_ at 82
Signal received at cbx_7__4_ at 32
Signal received at sb_6__4_ at 82
Signal received at cbx_6__4_ at 32
Signal received at sb_5__4_ at 82
Signal received at cbx_5__4_ at 32
Signal received at sb_4__4_ at 82
Signal received at cbx_4__4_ at 32
Signal received at sb_3__4_ at 82
Signal received at cbx_3__4_ at 32
Signal received at sb_2__4_ at 82
Signal received at cbx_2__4_ at 32
Signal received at sb_1__4_ at 82
Signal received at cbx_1__4_ at 32
Signal received at sb_0__4_ at 66
Signal received at cby_0__4_ at 3
Signal received at grid_clb_1__4_ at 116
Signal received at cby_1__4_ at 32
Signal received at grid_clb_2__4_ at 116
Signal received at cby_2__4_ at 32
Signal received at grid_clb_3__4_ at 116
Signal received at cby_3__4_ at 32
Signal received at grid_clb_4__4_ at 116
Signal received at cby_4__4_ at 32
Signal received at grid_clb_5__4_ at 116
Signal received at cby_5__4_ at 32
Signal received at grid_clb_6__4_ at 116
Signal received at cby_6__4_ at 32
Signal received at grid_clb_7__4_ at 116
Signal received at cby_7__4_ at 32
Signal received at grid_clb_8__4_ at 116
Signal received at cby_8__4_ at 32
Signal received at grid_clb_9__4_ at 116
Signal received at cby_9__4_ at 32
Signal received at grid_clb_10__4_ at 116
Signal received at cby_10__4_ at 32
Signal received at grid_clb_11__4_ at 116
Signal received at cby_11__4_ at 32
Signal received at grid_clb_12__4_ at 116
Signal received at cby_12__4_ at 35
Signal received at sb_12__3_ at 70
Signal received at cbx_12__3_ at 32
Signal received at sb_11__3_ at 82
Signal received at cbx_11__3_ at 32
Signal received at sb_10__3_ at 82
Signal received at cbx_10__3_ at 32
Signal received at sb_9__3_ at 82
Signal received at cbx_9__3_ at 32
Signal received at sb_8__3_ at 82
Signal received at cbx_8__3_ at 32
Signal received at sb_7__3_ at 82
Signal received at cbx_7__3_ at 32
Signal received at sb_6__3_ at 82
Signal received at cbx_6__3_ at 32
Signal received at sb_5__3_ at 82
Signal received at cbx_5__3_ at 32
Signal received at sb_4__3_ at 82
Signal received at cbx_4__3_ at 32
Signal received at sb_3__3_ at 82
Signal received at cbx_3__3_ at 32
Signal received at sb_2__3_ at 82
Signal received at cbx_2__3_ at 32
Signal received at sb_1__3_ at 82
Signal received at cbx_1__3_ at 32
Signal received at sb_0__3_ at 66
Signal received at cby_0__3_ at 3
Signal received at grid_clb_1__3_ at 116
Signal received at cby_1__3_ at 32
Signal received at grid_clb_2__3_ at 116
Signal received at cby_2__3_ at 32
Signal received at grid_clb_3__3_ at 116
Signal received at cby_3__3_ at 32
Signal received at grid_clb_4__3_ at 116
Signal received at cby_4__3_ at 32
Signal received at grid_clb_5__3_ at 116
Signal received at cby_5__3_ at 32
Signal received at grid_clb_6__3_ at 116
Signal received at cby_6__3_ at 32
Signal received at grid_clb_7__3_ at 116
Signal received at cby_7__3_ at 32
Signal received at grid_clb_8__3_ at 116
Signal received at cby_8__3_ at 32
Signal received at grid_clb_9__3_ at 116
Signal received at cby_9__3_ at 32
Signal received at grid_clb_10__3_ at 116
Signal received at cby_10__3_ at 32
Signal received at grid_clb_11__3_ at 116
Signal received at cby_11__3_ at 32
Signal received at grid_clb_12__3_ at 116
Signal received at cby_12__3_ at 35
Signal received at sb_12__2_ at 70
Signal received at cbx_12__2_ at 32
Signal received at sb_11__2_ at 82
Signal received at cbx_11__2_ at 32
Signal received at sb_10__2_ at 82
Signal received at cbx_10__2_ at 32
Signal received at sb_9__2_ at 82
Signal received at cbx_9__2_ at 32
Signal received at sb_8__2_ at 82
Signal received at cbx_8__2_ at 32
Signal received at sb_7__2_ at 82
Signal received at cbx_7__2_ at 32
Signal received at sb_6__2_ at 82
Signal received at cbx_6__2_ at 32
Signal received at sb_5__2_ at 82
Signal received at cbx_5__2_ at 32
Signal received at sb_4__2_ at 82
Signal received at cbx_4__2_ at 32
Signal received at sb_3__2_ at 82
Signal received at cbx_3__2_ at 32
Signal received at sb_2__2_ at 82
Signal received at cbx_2__2_ at 32
Signal received at sb_1__2_ at 82
Signal received at cbx_1__2_ at 32
Signal received at sb_0__2_ at 66
Signal received at cby_0__2_ at 3
Signal received at grid_clb_1__2_ at 116
Signal received at cby_1__2_ at 32
Signal received at grid_clb_2__2_ at 116
Signal received at cby_2__2_ at 32
Signal received at grid_clb_3__2_ at 116
Signal received at cby_3__2_ at 32
Signal received at grid_clb_4__2_ at 116
Signal received at cby_4__2_ at 32
Signal received at grid_clb_5__2_ at 116
Signal received at cby_5__2_ at 32
Signal received at grid_clb_6__2_ at 116
Signal received at cby_6__2_ at 32
Signal received at grid_clb_7__2_ at 116
Signal received at cby_7__2_ at 32
Signal received at grid_clb_8__2_ at 116
Signal received at cby_8__2_ at 32
Signal received at grid_clb_9__2_ at 116
Signal received at cby_9__2_ at 32
Signal received at grid_clb_10__2_ at 116
Signal received at cby_10__2_ at 32
Signal received at grid_clb_11__2_ at 116
Signal received at cby_11__2_ at 32
Signal received at grid_clb_12__2_ at 116
Signal received at cby_12__2_ at 35
Signal received at sb_12__1_ at 70
Signal received at cbx_12__1_ at 32
Signal received at sb_11__1_ at 82
Signal received at cbx_11__1_ at 32
Signal received at sb_10__1_ at 82
Signal received at cbx_10__1_ at 32
Signal received at sb_9__1_ at 82
Signal received at cbx_9__1_ at 32
Signal received at sb_8__1_ at 82
Signal received at cbx_8__1_ at 32
Signal received at sb_7__1_ at 82
Signal received at cbx_7__1_ at 32
Signal received at sb_6__1_ at 82
Signal received at cbx_6__1_ at 32
Signal received at sb_5__1_ at 82
Signal received at cbx_5__1_ at 32
Signal received at sb_4__1_ at 82
Signal received at cbx_4__1_ at 32
Signal received at sb_3__1_ at 82
Signal received at cbx_3__1_ at 32
Signal received at sb_2__1_ at 82
Signal received at cbx_2__1_ at 32
Signal received at sb_1__1_ at 82
Signal received at cbx_1__1_ at 32
Signal received at sb_0__1_ at 66
Signal received at cby_0__1_ at 3
Signal received at grid_clb_1__1_ at 116
Signal received at cby_1__1_ at 32
Signal received at grid_clb_2__1_ at 116
Signal received at cby_2__1_ at 32
Signal received at grid_clb_3__1_ at 116
Signal received at cby_3__1_ at 32
Signal received at grid_clb_4__1_ at 116
Signal received at cby_4__1_ at 32
Signal received at grid_clb_5__1_ at 116
Signal received at cby_5__1_ at 32
Signal received at grid_clb_6__1_ at 116
Signal received at cby_6__1_ at 32
Signal received at grid_clb_7__1_ at 116
Signal received at cby_7__1_ at 32
Signal received at grid_clb_8__1_ at 116
Signal received at cby_8__1_ at 32
Signal received at grid_clb_9__1_ at 116
Signal received at cby_9__1_ at 32
Signal received at grid_clb_10__1_ at 116
Signal received at cby_10__1_ at 32
Signal received at grid_clb_11__1_ at 116
Signal received at cby_11__1_ at 32
Signal received at grid_clb_12__1_ at 116
Signal received at cby_12__1_ at 35
Signal received at sb_12__0_ at 59
Signal received at cbx_12__0_ at 23
Signal received at sb_11__0_ at 68
Signal received at cbx_11__0_ at 23
Signal received at sb_10__0_ at 68
Signal received at cbx_10__0_ at 23
Signal received at sb_9__0_ at 68
Signal received at cbx_9__0_ at 23
Signal received at sb_8__0_ at 68
Signal received at cbx_8__0_ at 23
Signal received at sb_7__0_ at 68
Signal received at cbx_7__0_ at 23
Signal received at sb_6__0_ at 68
Signal received at cbx_6__0_ at 23
Signal received at sb_5__0_ at 68
Signal received at cbx_5__0_ at 23
Signal received at sb_4__0_ at 68
Signal received at cbx_4__0_ at 23
Signal received at sb_3__0_ at 68
Signal received at cbx_3__0_ at 23
Signal received at sb_2__0_ at 68
Signal received at cbx_2__0_ at 23
Signal received at sb_1__0_ at 68
Signal received at cbx_1__0_ at 23
Signal received at sb_0__0_ at 38
Simulation Finished in clocks 39383
Test Passed: ConfigChainTestFull
Passed 1 tests (0 skipped)
***************************************************************************************************
** TEST                                       PASS/FAIL  SIM TIME(NS)  REAL TIME(S)  RATIO(NS/S) **
***************************************************************************************************
** fpga_reset_hd_sky_pnr.ConfigChainTestFull    PASS       393885.00         82.25      4788.86  **
***************************************************************************************************

*************************************************************************************
**                                 ERRORS : 0                                      **
*************************************************************************************
**                               SIM TIME : 393885.00 NS                           **
**                              REAL TIME : 82.29 S                                **
**                        SIM / REAL TIME : 4786.46 NS/S                           **
*************************************************************************************

Shutting down...
